[    0.000000] Linux version 4.15.0-109-generic (buildd@lgw01-amd64-010) (gcc version 7.5.0 (Ubuntu 7.5.0-3ubuntu1~18.04)) #110-Ubuntu SMP Tue Jun 23 02:39:32 UTC 2020 (Ubuntu 4.15.0-109.110-generic 4.15.18)
[    0.000000] Command line: BOOT_IMAGE=/boot/vmlinuz-4.15.0-109-generic root=LABEL=cloudimg-rootfs ro console=tty1 console=ttyS0
[    0.000000] KERNEL supported cpus:
[    0.000000]   Intel GenuineIntel
[    0.000000]   AMD AuthenticAMD
[    0.000000]   Centaur CentaurHauls
[    0.000000] x86/fpu: Supporting XSAVE feature 0x001: 'x87 floating point registers'
[    0.000000] x86/fpu: Supporting XSAVE feature 0x002: 'SSE registers'
[    0.000000] x86/fpu: Supporting XSAVE feature 0x004: 'AVX registers'
[    0.000000] x86/fpu: xstate_offset[2]:  576, xstate_sizes[2]:  256
[    0.000000] x86/fpu: Enabled xstate features 0x7, context size is 832 bytes, using 'standard' format.
[    0.000000] e820: BIOS-provided physical RAM map:
[    0.000000] BIOS-e820: [mem 0x0000000000000000-0x000000000009fbff] usable
[    0.000000] BIOS-e820: [mem 0x000000000009fc00-0x000000000009ffff] reserved
[    0000000] BIOS-e820: [mem 0x00000000000f0000-0x00000000000fffff] reserved
[    0.000000] BIOS-e820: [mem 0x0000000000100000-0x000000007ffeffff] usable
[    0.000000] BIOS-e820: [mem 0x000000007fff0000-0x000000007fffffff] ACPI data
[    0.000000] BIOS-e820: [mem 0x00000000fec00000-0x00000000fec00fff] reserved
[    0.000000] BIOS-e820: [mem 0x00000000fee00000-0x00000000fee00fff] reserved
[    0.000000] BIOS-e820: [mem 0x00000000fffc0000-0x00000000ffffffff] reserved
[    0.000000] NX (Execute Disable) protection: active
[    0.000000] SMBIOS 2.5 present.
[    0.000000] DMI: innotek GmbH VirtualBox/VirtualBox, BIOS VirtualBox 12/01/2006
[    0.000000] Hypervisor detected: KVM
[    0.000000] e820: last_pfn = 0x7fff0 max_arch_pfn = 0x400000000
[    0.000000] MTRR: Disabled
[    0.000000] x86/PAT: MTRRs disabled, skipping PAT initialization too.
[    0.000000] CPU MTRRs all blank - virtualized system.
[  0.000000] x86/PAT: Conigurion [07]: WB  WT  UC- UC  WB  WT  UC- UC  
[    0.000000] found SMP MP-table at [mem 0x0009fff0-0x0009ffff]
[   0.000000] Scanning 1 areas for low memory corruption
[    0.000000] RAMDISK: [mem 0x35a67000-0x36d2afff]
[    0.000000] ACPI: Early table checksum verification disabled
[    0.000000] ACPI: RSDP 0x00000000000E0000 000024 (v02 VBOX  )
[    0.000000] ACPI: XSDT 0x000000007FFF0030 00003C (v01 VBOX   VBOXXSDT 00000001 ASL  00000061)
[    0.000000] ACPI: FACP 0x000000007FFF00F0 0000F4 (v04 VBOX   VBOXFACP 00000001 ASL  00000061)
[    0.000000] ACPI: DSDT 0x000000007FFF0470 0021FF (v02 VBOX   VBOXBIOS 00000002 INTL 20180105)
[    0.000000] ACPI: FACS 0x000000007FFF0200 000040
[    0.000000] ACPI: FACS 0x000000007FFF0200 000040
[    0.000000] ACPI: APIC 0x000000007FFF0240 00005C (v02 VBOX   VBOXAPIC 00000001 ASL  00000061)
[    0.000000] ACPI: SSDT 0x000000007FFF02A0 0001CC (v01 VBOX   VBOXCPUT 00000002 INTL 20180105)
[    0.000000] No NUMA configuration found
[    0.000000] Faking a node at [mem 0x0000000000000000-0x000000007ffeffff]
[    0.000000] NODE_DATA(0) allocated [mem 0x7ffc5000-0x7ffeffff]
[    0.000000] kvm-clock: cpu 0, msr 0:7ff44001, primary cpu clock
[    0.000000] kvm-clock: Using msrs 4b564d01 and 4b564d00
[    0.000000] kvm-clock: using sched offset of 3873899002 cycles
[    0.000000] clocksource: kvm-clock: mask: 0xffffffffffffffff max_cycles: x1cd2e4dfb, max_idle_ns: 881590591483 ns
[    0.000000] Zone ranges:
[    0.000000]   DMA      [mem 0x0000000000001000-0x0000000000ffffff]
[    0.000000]   DMA32    [mem 0x0000000001000000-0x000000007ffeffff]
[    0.000000]   Normal   empty
[    0.000000]   Device   empty
[    0.000000] Movable zone start for each node
[    0.000000] Early memory node ranges
[    0.000000]   node   0: [mem 0x0000000000001000-0x000000000009efff]
[    0.000000]   node   0: [mem 0x0000000000100000-0x000000007ffeffff]
[    0.000000] Reserved but unavailable: 98 pages
[   0.000000] Initmem setup node 0 [mem 0x0000000000001000-0x000000007ffeffff]
[    0.000000] ACPI: PM-Timer IO Port: 0x4008
[    0.000000] IOAPIC[0]: apic_id 2, version 32, address 0xfec00000, GSI 0-23
[    0.000000] ACPI: INT_SRC_OVR (bus 0 bus_irq 0 global_irq 2 dfl dfl)
[    0.000000] ACPI: INT_SRC_OVR (bus 0 bus_irq 9 global_irq 9 low level)
[    0.000000] Using ACPI (MADT) for SMP configuration information
[    0.000000] smpboot: Allowing 2 CPUs, 0 hotplug CPUs
[    0.000000] PM: Registered nosave memory: [mem 0x00000000-0x00000fff]
[    0.000000] PM: Registered nosave memory: [mem 0x0009f000-0x0009ffff]
[    0.000000] PM: Registered nosave memory: [mem 0x000a0000-0x000effff]
[    0.000000] PM: Registered nosave memory: [mem 0x000f0000-0x000fffff]
[    0.000000] e820: [mem 0x80000000-0xfebfffff] available for PCI devices
[    0.000000] Booting paravirtualized kernel on KVM
[    0.000000] clocksource: refined-jiffies: mask: 0xffffffff max_cycles: 0xffffffff, max_idle_ns: 7645519600211568 ns
[    0.000000] random: get_random_bytes called from start_kernel+0x99/0x500 with crng_init=0
[    0.000000] setup_percpu: NR_CPUS:8192 nr_cpumask_bits:2 nr_cpu_ids:2 nr_node_ids:1
[    0.000000] percpu: Embedded 45 pages/cpu s147456 r8192 d28672 u1048576
[    0.000000] PV qspinlock hash table entries: 256 (order: 0, 4096 bytes)
[    0.000000] Built 1 zonelists, mobility grouping on.  Total pages: 515961
[    0.000000] Policy zone: DMA32
[    0.000000] Kernel command line: BOOT_IMAGE=/boot/vmlinuz-4.15.0-109-generic root=LABEL=cloudimg-rootfs ro console=tty1 console=ttyS0
[    0.000000] Memory: 2015228K/2096696K available (12300K kernel code, 2481K rwdata, 4272K rodata, 2436K init, 2720K bss, 81468K reserved, 0K cma-reserved)
[    0.000000] SLUB: HWalign=64, Order=0-3, MinObjects=0, CPUs=2, Nodes=1
[    0.000000] Kernel/User page tables isolation: enabled
[    0.000000] ftrace: allocating 39378 entries in 154 pages
[    0.004000] Hierarchical RCU implementation.
[    0.004000] 	RCU restricting CPUs from NR_CPUS=8192 to nr_cpu_ids=2.
[    0.004000] 	Tasks RCU enabled.
[    0.004000] RCU: Adjusting geometry for rcu_fanout_leaf=16, nr_cpu_ids=2
[    0.004000] NR_IRQS: 524544, nr_irqs: 440, preallocated irqs: 16
[    0.004000] Console: colour VGA+ 80x25
[    0.004000] console [tty1] enabled
[    0.004000] console [ttyS0] enabled
[    0.004000] ACPI: Core revision 20170831
[    0.004000] ACPI: 2 ACPI AML tables successfully acquired and loaded
[    0.004000] APIC: Switch to symmetric I/O mode setup
[    0.004329] x2apic enabled
[    0.005362] Switched APIC routing to physical x2apic.
[    0.009348] ..TIMER: vector=0x30 apic1=0 pin1=2 apic2=-1 pin2=-1
[    0.012003] tsc: Detected 2303.992 MHz processor
[    0.016014] Calibrating delay loop (skipped) preset value.. 4607.98 BogoMIPS (lpj=9215968)
[    0.018061] pid_max: default: 32768 minimum: 301
[    0.019244] Security Framework initialized
[    0.020004] Yama: becoming mindful.
[    0.020951] AppArmor: AppArmor initialized
[    0.024101] Dentry cache hash table entries: 262144 (order: 9, 2097152 bytes)
[    0.028813] Inode-cache hash table entries: 131072 (order: 8, 1048576 bytes)
[    0.030543] Mount-cache hash table entries: 4096 (order: 3, 32768 bytes)
[    0.032008] Mountpoint-cache hash table entries: 4096 (order: 3, 32768 bytes)
[    0.034089] Last level iTLB entries: 4KB 64, 2MB 8, 4MB 8
[    0.036003] Last level dTLB entries: 4KB 64, 2MB 0, 4MB 0, 1GB 4
[    0.037451] Spectre V1 : Mitigation: usercopy/swapgs barriers and __user pointer sanitization
[    0.040008] Spectre V2 : Mitigation: Full generic retpoline
[    0.041356] Spectre V2 : Spectre v2 / SpectreRSB mitigation: Filling RSB on context switch
[    0.043362] Speculative Store Bypass: Vulnerable
[    0.044061] SRBDS: Unknown: Dependent on hypervisor status
[    0.045384] MDS: Mitigation: Clear CPU buffers
[    0.046738] Freeing SMP alternatives memory: 36K
[    0.160712] smpboot: CPU0: Intel(R) Core(TM) i5-8300H CPU @ 2.30GHz (family: 0x6, model: 0x9e, stepping: 0xa)
[    0.164103] Performance Events: unsupported p6 CPU model 158 no PMU driver, software events only.
[    0.168065] Hierarchical SRCU implementation.
[    0.172078] NMI watchdog: Perf event create on CPU 0 failed with -2
[    0.173612] NMI watchdog: Perf NMI watchdog permanently disabled
[    0.175109] smp: Bringing up secondary CPUs ...
[    0.176181] x86: Booting SMP configuration:
[    0.177366] .... node  #0, CPUs:      #1
[    0.004000] kvm-clock: cpu 1, msr 0:7ff44041, secondary cpu clock
[    0.196045] smp: Brought up 1 node, 2 CPUs
[    0.196904] smpboot: Max logical packages: 1
[    0.197759] smpboot: Total of 2 processors activated (9215.96 BogoMIPS)
[    0.200186] devtmpfs: initialized
[    0.204064] x86/mm: Memory block size: 128MB
[    0.205206] evm: security.selinux
[    0.208004] evm: security.SMACK64
[    0.212013] evm: security.SMACK64EXEC
[    0.216006] evm: security.SMACK64TRANSMUTE
[    0.220007] evm: security.SMACK64MMAP
[    0.220846] evm: security.apparmor
[    0.224003] evm: security.ima
[    0.224729] evm: security.capability
[    0.225555] clocksource: jiffies: mask: 0xffffffff max_cycles: 0xffffffff, max_idle_ns: 7645041785100000 ns
[    0.228030] futex hash table entries: 512 (order: 3, 32768 bytes)
[    0.232109] pinctrl core: initialized pinctrl subsystem
[    0.236137] RTC time: 23:31:55, date: 07/14/20
[    0.237208] NET: Registered protocol family 16
[    0.238220] audit: initializing netlink subsys (disabled)
[    0.240060] audit: type=2000 audit(1594769519.490:1): state=initialized audit_enabled=0 res=1
[    0.244007] cpuidle: using governor ladder
[    0.244842] cpuidle: using governor menu
[    0.245720] ACPI: bus type PCI registered
[    0.246539] acpiphp: ACPI Hot Plug PCI Controller Driver version: 0.5
[    0.247859] PCI: Using configuration type 1 for base access
[    0.249213] HugeTLB registered 2.00 MiB page size, pre-allocated 0 pages
[    0.252144] ACPI: Added _OSI(Module Device)
[    0.253130] ACPI: Added _OSI(Processor Device)
[    0.254290] ACPI: Added _OSI(3.0 _SCP Extensions)
[    0.256009] ACPI: Added _OSI(Processor Aggregator Device)
[    0.257059] ACPI: Added _OSI(Linux-Dell-Video)
[    0.257941] ACPI: Added _OSI(Linux-Lenovo-NV-HDMI-Audio)
[    0.260004] ACPI: Added _OSI(Linux-HPI-Hybrid-Graphics)
[    0.268042] ACPI: Executed 1 blocks of module-level executable AML code
[    0.274928] ACPI: Interpreter enabled
[    0.276030] ACPI: (supports S0 S5)
[    0.276753] ACPI: Using IOAPIC for interrupt routing
[    0.278040] PCI: Using host bridge windows from ACPI; if necessary, use "pci=nocrs" and report a bug
[    0.280210] ACPI: Enabled 2 GPEs in block 00 to 07
[    0.288551] ACPI: PCI Root Bridge [PCI0] (domain 0000 [bus 00-ff])
[    0.292032] acpi PNP0A03:00: _OSC: OS supports [ASPM ClockPM Segments MSI]
[    0.293541] acpi PNP0A03:00: _OSC: not requesting OS control; OS requires [ExtendedConfig ASPM ClockPM MSI]
[    0.296028] acpi PNP0A03:00: fail to add MMCONFIG information, can't access extended PCI configuration space under this bridge.
[    0.300447] PCI host bridge to bus 0000:00
[    0.301281] pci_bus 0000:00: root bus resource [io  0x0000-0x0cf7 window]
[    0.304003] pci_bus 0000:00: root bus resource [io  0x0d00-0xffff window]
[    0.305308] pci_bus 0000:00: root bus resource [mem 0x000a0000-0x000bffff window]
[    0.306795] pci_bus 0000:00: root bus resource [mem 0x80000000-0xfdffffff window]
[    0.308004] pci_bus 0000:00: root bus resource [bus 00-ff]
[    0.313361] pci 0000:00:01.1: legacy IDE quirk: reg 0x10: [io  0x01f0-0x01f7]
[    0.316010] pci 0000:00:01.1: legacy IDE quirk: reg 0x14: [io  0x03f6]
[    0.317249] pci 0000:00:01.1: legacy IDE quirk: reg 0x18: [io  0x0170-0x0177]
[    0.320004] pci 0000:00:01.1: legacy IDE quirk: reg 0x1c: [io  0x0376]
[    0.361260] pci 0000:00:07.0: quirk: [io  0x4000-0x403f] claimed by PIIX4 ACPI
[    0.364027] pci 0000:00:07.0: quirk: [io  0x4100-0x410f] claimed by PIIX4 SMB
[    0.398158] ACPI: PCI Interrupt Link [LNKA] (IRQs 5 9 10 *11)
[    0.400424] ACPI: PCI Interrupt Link [LNKB] (IRQs 5 9 *10 11)
[    0.401982] ACPI: PCI Interrupt Link [LNKC] (IRQs 5 *9 10 11)
[    0.404135] ACPI: PCI Interrupt Link [LNKD] (IRQs 5 9 10 *11)
[    0.406005] SCSI subsystem initialized
[    0.407047] pci 0000:00:02.0: vgaarb: setting as boot VGA device
[    0.407047] pci 0000:00:02.0: vgaarb: VGA device added: decodes=io+mem,owns=io+mem,locks=none
[    0.408015] pci 0000:00:02.0: vgaarb: bridge control possible
[    0.412006] vgaarb: loaded
[    0.413435] ACPI: bus type USB registered
[    0.416071] usbcore: registered new interface driver usbfs
[    0.417456] usbcore: registered new interface driver hub
[    0.418809] usbcore: registered new device driver usb
[    0.420075] EDAC MC: Ver: 3.0.0
[    0.422211] PCI: Using ACPI for IRQ routing
[    0.424268] NetLabel: Initializing
[    0.425184] NetLabel:  domain hash size = 128
[    0.428015] NetLabel:  protocols = UNLABELED CIPSOv4 CALIPSO
[    0.432040] NetLabel:  unlabeled traffic allowed by default
[    0.436121] clocksource: Switched to clocksource kvm-clock
[    0.462723] VFS: Disk quotas dquot_6.6.0
[    0.463754] VFS: Dquot-cache hash table entries: 512 (order 0, 4096 bytes)
[    0.465571] AppArmor: AppArmor Filesystem Enabled
[    0.466756] pnp: PnP ACPI init
[    0.468691] pnp: PnP ACPI: found 3 devices
[    0.479500] clocksource: acpi_pm: mask: 0xffffff max_cycles: 0xffffff, max_idle_ns: 2085701024 ns
[    0.481803] NET: Registered protocol family 2
[    0.483115] TCP established hash table entries: 16384 (order: 5, 131072 bytes)
[    0.484968] TCP bind hash table entries: 16384 (order: 6, 262144 bytes)
[    0.486568] TCP: Hash tables configured (established 16384 bind 16384)
[    0.886]DPastable entries: 1024 (order: 3, 32768 bytes)
[    0.730415] UDP-Lite hash table entries: 1024 (order: 3, 32768 bytes)
[    0.732032] NET: Registered protocol family 1
[    0.733189] pci 0000:00:00.0: Limiting direct PCI/PCI transfers
[    0.734641] pci 0000:00:01.0: Activating ISA DMA hang workarounds
[    0.736183] pci 0000:00:02.0: Video device with shadowed ROM at [mem 0x000c0000-0x000dffff]
[    0.738347] Unpacking initramfs...

[    1.115208] Freeing initrd memory: 19216K
[    1.116437] clocksource: tsc: mask: 0xffffffffffffffff max_cycles: 0x2135f03f510, max_idle_ns: 440795242567 ns
[    1.118895] platform rtc_cmos: registered platform RTC device (no PNP device found)
[    1.120613] Scanning for low memory corruption every 60 seconds
[    1.122658] Initialise system trusted keyrings
[    1.123738] Key type blacklist registered
[    1.124842] workingset: timestamp_bits=36 max_order=19 bucket_order=0
[    1.127294] zbud: loaded
[    1.160596] squashfs: version 4.0 (2009/01/31) Phillip Lougher
[    1.197730] fuse init (API version 7.26)
[    1.201173] Key type asymmetric registered
[    1.218085] Asymmetric key parser 'x509' registered
[    1.219137] Block layer SCSI generic (bsg) driver version 0.4 loaded (major 246)
[    1.220724] io scheduler noop registered
[    1.221533] io scheduler deadline registered
[    1.227824] io scheduler cfq registered (default)
[    1.250492] ACPI: AC Adapter [AC] (off-line)
[    1.251417] input: Power Button as /devices/LNXSYSTM:00/LNXPWRBN:00/input/input0
[    1.253175] ACPI: Power Button [PWRF]
[    1.254008] input: Sleep Button as /devices/LNXSYSTM:00/LNXSLPBN:00/input/input1
[    1.275528] ACPI: Sleep Button [SLPF]
[    1.277995] ACPI: Battery Slot [BAT0] (battery present)
[    1.279328] Serial: 8250/16550 driver, 32 ports, IRQ sharing enabled
[    1.308564] 00:02: ttyS0 at I/O 0x3f8 (irq = 4, base_baud = 115200) is a 16550A
[    1.320396] Linux agpgart interface v0.103
[    1.324495] loop: module loaded
[    1.327927] scsi host0: ata_piix
[    1.329418] scsi host1: ata_piix
[    1.332809] ata1: PATA max UDMA/33 cmd 0x1f0 ctl 0x3f6 bmdma 0xd000 irq 14
[    1.413587] ata2: PATA max UDMA/33 cmd 0x170 ctl 0x376 bmdma 0xd008 irq 15
[    1.432014] libphy: Fixed MDIO Bus: probed
[    1.446139] tun: Universal TUN/TAP device driver, 1.6
[    1.449139] PPP generic driver version 2.4.2
[    1.466375] ehci_hcd: USB 2.0 'Enhanced' Host Controller (EHCI) Driver
[    1.467959] ehci-pci: EHCI PCI platform driver
[    1.469173] ehci-platform: EHCI generic platform driver
[    1.470461] ohci_hcd: USB 1.1 'Open' Host Controller (OHCI) Driver
[    1.471943] ohci-pci: OHCI PCI platform driver
[    1.473159] ohci-platform: OHCI generic platform driver
[    1.474510] uhci_hcd: USB Universal Host Controller Interface driver
[    1.476197] i8042: PNP: PS/2 Controller [PNP0303:PS2K,PNP0f03:PS2M] at 0x60,0x64 irq 1,12
[    1.478989] serio: i8042 KBD port at 0x60,0x64 irq 1
[    1.480330] serio: i8042 AUX port at 0x60,0x64 irq 12
[    1.481911] mousedev: PS/2 mouse device common for all mice
[    1.484044] input: AT Translated Set 2 keyboard as /devices/platform/i8042/serio0/input/input2
[    1.486382] rtc_cmos rtc_cmos: rtc core: registered rtc_cmos as rtc0
[    1.487962] rtc_cmos rtc_cmos: alarms up to one day, 114 bytes nvram
[    1.489554] i2c /dev entries driver
[    1.490591] device-mapper: uevent: version 1.0.3
[    1.491905] device-mapper: ioctl: 4.37.0-ioctl (2017-09-20) initialised: dm-devel@redhat.com
[    1.504109] ledtrig-cpu: registered to indicate activity on CPUs
[    1.505766] NET: Registered protocol family 10
[    1.511832] Segment Routing with IPv6
[    1.516645] NET: Registered protocol family 17
[    1.517740] Key type dns_resolver registered
[    1.518999] mce: Using 0 MCE banks
[    1.535728] RAS: Correctable Errors collector initialized.
[    1.548623] sched_clock: Marking stable (1548573224, 0)->(2897134346, -1348561122)
[    1.550744] registered taskstats version 1
[    1.551593] Loading compiled-in X.509 certificates
[    1.555389] Loaded X.509 cert 'Build time autogenerated kernel key: 495c641868e7df5e32bc382f03c4f4fc9cad4e78'
[    1.557618] zswap: loaded using pool lzo/zbud
[    1.563566] Key type big_key registered
[    1.565609] Key type trusted registered
[    1.576550] Key type encrypted registered
[    1.588013] AppArmor: AppArmor sha1 policy hashing enabled
[    1.599878] ima: No TPM chip found, activating TPM-bypass! (rc=-19)
[    1.601214] ima: Allocated hash algorithm: sha1
[    1.602177] evm: HMAC attrs: 0x1
[    1.603177]   Magic number: 12:975:554
[    1.604150] rtc_cmos rtc_cmos: setting system clock to 2020-07-14 23:31:56 UTC (1594769516)
[    1.609826] BIOS EDD facility v0.16 2004-Jun-25, 0 devices found
[    1.618551] EDD information not available.
[    1.634066] Freeing unused kernel image memory: 2436K
[    1.648089] Write protecting the kernel read-only data: 20480k
[    1.650235] Freeing unused kernel image memory: 2008K
[    1.651865] Freeing unused kernel image memory: 1872K
[    1.662112] x86/mm: Checked W+X mappings: passed, no W+X pages found.
[    1.663771] x86/mm: Checking user space page tables
[    1.673397] x86/mm: Checked W+X mappings: passed, no W+X pages found.
Loading, please wait...
starting version 237
[    1.763020] Fusion MPT base driver 3.04.20
[    1.765224] Copyright (c) 1999-2008 LSI Corporation
[    1.787557] e1000: Intel(R) PRO/1000 Network Driver - version 7.3.21-k8-NAPI
[    1.789393] e1000: Copyright (c) 1999-2006 Intel Corporation.
[    1.801322] AVX2 version of gcm_enc/dec engaged.
[    1.802412] AES CTR mode by8 optimization enabled
[    1.811228] Fusion MPT SPI Host driver 3.04.20
[    1.992576] input: ImExPS/2 Generic Explorer Mouse as /devices/platform/i8042/serio1/input/input4
[    2.194998] e1000 0000:00:03.0 eth0: (PCI:33MHz:32-bit) 02:a9:4c:67:4e:6e
[    2.211118] e1000 0000:00:03.0 eth0: Intel(R) PRO/1000 Network Connection
[    2.213504] mptbase: ioc0: Initiating bringup
[    2.392543] ioc0: LSI53C1030 A0: Capabilities={Initiator}
[    2.641681] scsi host2: ioc0: LSI53C1030 A0, FwRev=00000000h, Ports=1, MaxQ=256, IRQ=20
[    2.812398] scsi 2:0:0:0: Direct-Access     VBOX     HARDDISK         1.0  PQ: 0 ANSI: 5
[    2.900068] scsi target2:0:0: Beginning Domain Validation
[    3.105405] scsi target2:0:0: Domain Validation skipping write tests
[    3.112105] scsi target2:0:0: Ending Domain Validation
[    3.118652] scsi target2:0:0: asynchronous
[    3.119934] scsi 2:0:1:0: Direct-Access     VBOX     HARDDISK         1.0  PQ: 0 ANSI: 5
[    3.399642] scsi target2:0:1: Beginning Domain Validation
[    3.407075] random: fast init done
[    3.433795] e1000 0000:00:08.0 eth1: (PCI:33MHz:32-bit) 08:00:27:9c:ab:c3
[    3.500812] random: systemd-udevd: uninitialized urandom read (16 bytes read)
[    3.502070] e1000 0000:00:08.0 eth1: Intel(R) PRO/1000 Network Connection
[    3.503431] random: systemd-udevd: uninitialized urandom read (16 bytes read)
[    3.551043] random: systemd-udevd: uninitialized urandom read (16 bytes read)
[    3.552743] scsi target2:0:1: Domain Validation skipping write tests
[    3.553954] scsi target2:0:1: Ending Domain Validation
[    3.555316] scsi target2:0:1: asynchronous
[    3.559834] sd 2:0:0:0: Attached scsi generic sg0 type 0
[    3.560917] e1000 0000:00:03.0 enp0s3: renamed from eth0
[    3.570007] sd 2:0:1:0: Attached scsi generic sg1 type 0
[    3.572463] sd 2:0:0:0: [sda] 62914560 512-byte logical blocks: (32.2 GB/30.0 GiB)
[    3.574142] sd 2:0:1:0: [sdb] 20480 512-byte logical blocks: (10.5 MB/10.0 MiB)
[    3.575607] sd 2:0:0:0: [sda] Write Protect is off
[    3.610846] sd 2:0:1:0: [sdb] Write Protect is off
[    3.612398] sd 2:0:1:0: [sdb] Incomplete mode parameter data
[    3.612626] sd 2:0:0:0: [sda] Incomplete mode parameter data
[    3.614682] sd 2:0:1:0: [sdb] Assuming drive cache: write through
[    3.615810] sd 2:0:0:0: [sda] Assuming drive cache: write through
[    3.641608] e1000 0000:00:08.0 enp0s8: renamed from eth1
[    3.651005]  sda: sda1
[    3.652687] sd 2:0:0:0: [sda] Attached SCSI disk
[    3.684901] sd 2:0:1:0: [sdb] Attached SCSI disk
Begin: Loading essential drivers ... [    5.269829] raid6: sse2x1   gen()  8584 MB/s
[    5.319814] raid6: sse2x1   xor()  6162 MB/s
[    5.369725] raid6: sse2x2   gen()  9716 MB/s
[    5.416197] raid6: sse2x2   xor()  6367 MB/s
[    5.519854] raid6: sse2x4   gen() 11306 MB/s
[    5.576126] raid6: sse2x4   xor()  6685 MB/s
[    5.659789] raid6: avx2x1   gen() 16099 MB/s
[    5.721265] raid6: avx2x1   xor() 11049 MB/s
[    5.969920] raid6: avx2x2   gen() 17008 MB/s
[    6.069809] raid6: avx2x2   xor() 11593 MB/s
[    6.136756] raid6: avx2x4   gen() 18474 MB/s
[    6.192214] raid6: avx2x4   xor() 11059 MB/s
[    6.370124] raid6: using algorithm avx2x4 gen() 18474 MB/s
[    6.411059] raid6: .... xor() 11059 MB/s, rmw enabled
[    6.412048] raid6: using avx2x2 recovery algorithm
[    6.414603] xor: automatically using best checksumming function   avx       
[    6.417577] async_tx: api initialized (async)
done.
Begin: Running /scripts/init-pre[    6.494180] Btrfs loaded, crc32c=crc32c-intel
mount ... done.
Begin: Mounting root file system ... Begin: Running /scripts/local-top ... done.
Begin: Running /scripts/local-premount ... Scanning for Btrfs filesystems
done.
Warning: fsck no[    6.545272] EXT4-fs (sda1): mounted filesystem with ordered data mode. Opts: (null)
t present, so skipping root file system
done.
Begin: Running /scripts/local-bottom ... done.
Begin: Running /scripts/init-bottom ... done.
[    7.187721] ip_tables: (C) 2000-2006 Netfilter Core Team
[    7.212865] systemd[1]: systemd 237 running in system mode. (+PAM +AUDIT +SELINUX +IMA +APPARMOR +SMACK +SYSVINIT +UTMP +LIBCRYPTSETUP +GCRYPT +GNUTLS +ACL +XZ +LZ4 +SECCOMP +BLKID +ELFUTILS +KMOD -IDN2 +IDN -PCRE2 default-hierarchy=hybrid)
[    7.423603] systemd[1]: Detected virtualization oracle.
[    7.424857] systemd[1]: Detected architecture x86-64.

Welcome to [1mUbuntu 18.04.4 LTS[0m!

[    8.246782] systemd[1]: Set hostname to <ubuntu>.
[    8.288096] systemd[1]: Initializing machine ID from random generator.
[    8.289694] systemd[1]: Installed transient /etc/machine-id file.
[    8.971480] systemd[1]: Reached target System Time Synchronized.
[[0;32m  OK  [0m] Reached target System Time Synchronized.
[    8.974716] systemd[1]: Reached target Swap.
[[0;32m  OK  [0m] Reached target Swap.
[    8.977190] systemd[1]: Started Forward Password Requests to Wall Directory Watch.
[[0;32m  OK  [0m] Started Forward Password Requests to Wall Directory Watch.
[    9.003386] systemd[1]: Reached target User and Group Name Lookups.
[[0;32m  OK  [0m] Reached target User and Group Name Lookups.
[[0;32m  OK  [0m] Created slice User and Session Slice.
[[0;32m  OK  [0m] Created slice System Slice.
[[0;32m  OK  [0m] Listening on LVM2 metadata daemon socket.
[[0;32m  OK  [0m] Listening on Journal Socket (/dev/log).
[[0;32m  OK  [0m] Created slice system-serial\x2dgetty.slice.
[[0;32m  OK  [0m] Listening on Device-mapper event daemon FIFOs.
[[0;32m  OK  [0m] Listening on Journal Audit Socket.
[[0;32m  OK  [0m] Listening on Network Service Netlink Socket.
[[0;32m  OK  [0m] Listening on /dev/initctl Compatibility Named Pipe.
[[0;32m  OK  [0m] Reached target Slices.
[[0;32m  OK  [0m] Listening on Syslog Socket.
[[0;32m  OK  [0m] Listening on udev Control Socket.
[[0;32m  OK  [0m] Listening on LVM2 poll daemon socket.
[[0;32m  OK  [0m] Listening on Journal Socket.
         Starting Remount Root and Kernel File Systems...
         Starting Create [    9.089601] EXT4-fs (sda1): re-mounted. Opts: (null)
list of required stâ€¦ce nodes for the current kernel...
         Mounting Kernel Debug File System...
         Mounting POSIX Message Queue File System...
[    9.174784] random: crng init done
[    9.188698] random: 7 urandom warning(s) missed due to ratelimiting
         Starting Load Kernel Modules...[    9.222919] Loading iSCSI transport class v2.0-870.

         Mounting Huge Pages File System...
         Starting Set the console keyboard layout...
[    9.244492] iscsi: registered transport (tcp)
         Starting Uncomplicated firewall...
[[0;32m  OK  [0m] Set up automount Arbitrary Executabâ€¦rmats File System Automount Point.
         Starting Journal Service...
         Starting Monitoring of LVM2 mirrorsâ€¦ng dmeventd or progress polling...
[[0;32m  OK  [0m] Listening on udev Kernel Socket.
         Starting udev Coldplug all Devices...
[[0;32m  OK  [0m] Started Remount Root and Kernel File Systems.
[[0;32m  OK  [0m] Started Create list of required staâ€¦vice nodes for the current kernel.
[[0;32m  OK  [0m] Mounted Kernel Debug File System.
[[0;32m  OK  [0m] Mounted POSIX Message Queue File System.
[[0;32m  OK  [0m] Mounted Huge Pages File System.
[[0;32m  OK  [0m] Started Uncomplicated firewall.
         Starting Create Static Device Nodes in /dev...
         Starting Load/Save Random Seed...
[    9.357060] iscsi: registered transport (iser)
[[0;32m  OK  [0m] Started Journal Service.
[[0;32m  OK  [0m] Started Load Kernel Modules.
[[0;32m  OK  [0m] Started Create Static Device Nodes in /dev.
[[0;32m  OK  [0m] Started Load/Save Random Seed.
         Starting udev Kernel Device Manager...
         Starting Apply Kernel Variables...
         Mounting Kernel Configuration File System...
         Mounting FUSE Control File System...
         Starting Flush Journal to Persistent Storage...
[[0;32m  OK  [0m] Mounted Kernel Configuration File System.
[[0;32m  OK  [0m] Mounted FUSE Control File System.
[[0;32m  OK  [0m] Started udev Coldplug all Devices.
[[0;32m  OK  [0m] Started LVM2 metadata daemon.
[[0;32m  OK  [0m] Started Set the console keyboard layout.
[[0;32m  OK  [0m] Started udev Kernel Device Manager.
[[0;32m  OK  [0m] Started Dispatch Password Requests to Console Directory Watch.
[[0;32m  OK  [0m] Reached target Local Encrypted Volumes.
[[0;32m  OK  [0m] Started Apply Kernel Variables.
[[0;32m  OK  [0m] Started Flush Journal to Persistent Storage.
[[0;32m  OK  [0m] Started Monitoring of LVM2 mirrors,â€¦sing dmeventd or progress polling.
[[0;32m  OK  [0m] Reached target Local File Systems (Pre).
[[0;32m  OK  [0m] Reached target Local File Systems.
         Starting Tell Plymouth To Write Out Runtime Data...
         Starting ebtables ruleset management...
         Starting Commit a transient machine-id on disk...
         Starting AppArmor initialization...
         Starting Set console font and keymap...
         Starting Create Volatile Files and Directories...
[[0;32m  OK  [0m] Started Tell Plymouth To Write Out Runtime Data.
[[0;32m  OK  [0m] Started Commit a transient machine-id on disk.
[[0;32m  OK  [0m] Started Set console font and keymap.
[[0;32m  OK  [0m] Started Create Volatile Files and Directories.
[[0;32m  OK  [0m] Found device /dev/ttyS0.
[[0;32m  OK  [0m] Started ebtables ruleset management.
[[0;32m  OK  [0m] Listening on Load/Save RF Kill Switch Status /dev/rfkill Watch.
         Starting Update UTMP about System Boot/Shutdown...
[[0;32m  OK  [0m] Started Update UTMP about System Boot/Shutdown.
[[0;32m  OK  [0m] Started AppArmor initialization.
         Starting Initial cloud-init job (pre-networking)...
[   13.728825] cloud-init[547]: Cloud-init v. 19.4-33-gbb4131a2-0ubuntu1~18.04.1 running 'init-local' at Tue, 14 Jul 2020 23:32:07 +0000. Up 13.07 seconds.
[[0;32m  OK  [0m] Started Initial cloud-init job (pre-networking).
[[0;32m  OK  [0m] Reached target Network (Pre).
         Starting Network Service...
[[0;32m  OK  [0m] Started Network Service.
         Starting Wait for Network to be Configured...
         Starting Network Name Resolution...
[[0;32m  OK  [0m] Started Network Name Resolution.
[[0;32m  OK  [0m] Reached target Host and Network Name Lookups.
[[0;32m  OK  [0m] Reached target Network.
[[0;32m  OK  [0m] Started Wait for Network to be Configured.
         Starting Initial cloud-init job (metadata service crawler)...
[   16.601135] cloud-init[670]: Cloud-init v. 19.4-33-gbb4131a2-0ubuntu1~18.04.1 running 'init' at Tue, 14 Jul 2020 23:32:11 +0000. Up 16.42 seconds.
[   16.633595] cloud-init[670]: ci-info: ++++++++++++++++++++++++++++++++++++++Net device info+++++++++++++++++++++++++++++++++++++++
[   16.636359] cloud-init[670]: ci-info: +--------+-------+----------------------------+---------------+--------+-------------------+
[   16.639080] cloud-init[670]: ci-info: | Device |   Up  |          Address           |      Mask     | Scope  |     Hw-Address    |
[   16.641760] cloud-init[670]: ci-info: +--------+-------+----------------------------+---------------+--------+-------------------+
[   16.646536] cloud-init[670]: ci-info: | enp0s3 |  True |         10.0.2.15          | 255.255.255.0 | global | 02:a9:4c:67:4e:6e |
[   16.649306] cloud-init[670]: ci-info: | enp0s3 |  True | fe80::a9:4cff:fe67:4e6e/64 |       .       |  link  | 02:a9:4c:67:4e:6e |
[   16.652341] cloud-init[670]: ci-info: | enp0s8 | False |             .              |       .       |   .    | 08:00:27:9c:ab:c3 |
[   16.655189] cloud-init[670]: ci-info: |   lo   |  True |         127.0.0.1          |   255.0.0.0   |  host  |         .         |
[   16.657914] cloud-init[670]: ci-info: |   lo   |  True |          ::1/128           |       .       |  host  |         .         |
[   16.661777] cloud-init[670]: ci-info: +--------+-------+----------------------------+---------------+--------+-------------------+
[   16.664151] cloud-init[670]: ci-info: ++++++++++++++++++++++++++++Route IPv4 info+++++++++++++++++++++++++++++
[   16.666095] cloud-init[670]: ci-info: +-------+-------------+----------+-----------------+-----------+-------+
[   16.668065] cloud-init[670]: ci-info: | Route | Destination | Gateway  |     Genmask     | Interface | Flags |
[   16.670092] cloud-init[670]: ci-info: +-------+-------------+----------+-----------------+-----------+-------+
[   16.672014] cloud-init[670]: ci-info: |   0   |   0.0.0.0   | 10.0.2.2 |     0.0.0.0     |   enp0s3  |   UG  |
[   16.677400] cloud-init[670]: ci-info: |   1   |   10.0.2.0  | 0.0.0.0  |  255.255.255.0  |   enp0s3  |   U   |
[   16.681311] cloud-init[670]: ci-info: |   2   |   10.0.2.2  | 0.0.0.0  | 255.255.255.255 |   enp0s3  |   UH  |
[   16.683238] cloud-init[670]: ci-info: +-------+-------------+----------+-----------------+-----------+-------+
[   16.685175] cloud-init[670]: ci-info: +++++++++++++++++++Route IPv6 info+++++++++++++++++++
[   16.686797] cloud-init[670]: ci-info: +-------+-------------+---------+-----------+-------+
[   16.688433] cloud-init[670]: ci-info: | Route | Destination | Gateway | Interface | Flags |
[   16.690130] cloud-init[670]: ci-info: +-------+-------------+---------+-----------+-------+
[   16.691809] cloud-init[670]: ci-info: |   1   |  fe80::/64  |    ::   |   enp0s3  |   U   |
[   16.701744] cloud-init[670]: ci-info: |   3   |    local    |    ::   |   enp0s3  |   U   |
[   16.703420] cloud-init[670]: ci-info: |   4   |   ff00::/8  |    ::   |   enp0s3  |   U   |
[   16.705083] cloud-init[670]: ci-info: +-------+-------------+---------+-----------+-------+
[   18.332093] cloud-init[670]: Generating public/private rsa key pair.
[   18.336970] cloud-init[670]: Your identification has been saved in /etc/ssh/ssh_host_rsa_key.
[[   18.410228] cloud-init[670]: Your public key has been saved in /etc/ssh/ssh_host_rsa_key.pub.
[   18.410420] cloud-init[670]: The key fingerprint is:
[0;32m  OK  [0m] Started Initial cloud-init job (metadata service crawler).
[   18.410668] cloud-init[[0;32m  OK  [0m] Reached target Cloud-config availability.
[[0;32m  OK  [0m] Reached target System Initialization.
[[0;32m  OK  [0m] Started Daily apt download activities.
[[0;32m  OK  [0m] Started Daily Cleanup of Temporary Directories.
[[0;32m  OK  [0m] Listening on Open-iSCSI iscsid Socket.
[[0;32m  OK  [0m] Listening on D-Bus System Message Bus Socket.
[[0;32m  OK  [0m] Started Discard unused blocks once a week.
[[0;32m  OK  [0m] Started Daily apt upgrade and clean activities.
[[0;32m  OK  [0m] Listening on ACPID Listen Socket.
[670]: SHA256:ajmywdeuLVn9cFcjvfzE7xmfHYO+gT+kKnYZTKod/So root@ubuntu-bionic
[[0;32m  OK  [0m] Started ACPI Events Check.
[   18.430092] [[0;32m  OK  [0m] Started Message of the Day.
[[0;32m  OK  [0m] Reached target Timers.
cloud-init[670]: The key's randomart image is:
[[0;32m  OK  [0m] Listening on UUID daemon activation socket.
[   18.457135] [[0;32m  OK  [0m] Reached target Paths.
cloud-init[670]: +---[RSA 2048]----+
         Starting Socket activation for snappy daemon.
[   18.472768] cloud-init[670]: |                 |
         Starting LXD - unix socket.
[   18.489173] [[0;32m  OK  [0m] Reached target Network is Online.
cloud-init[670]: |                 |
[[0;32m  OK  [0m] Reached target Remote File Systems (Pre).
[   18.503889] [[0;32m  OK  [0m] Reached target Remote File Systems.
cloud-init[670]: |              .  |         Starting Availability of block devices...
[[0;32m  OK  [0m] Listening on Socket activation for snappy daemon.
[[0;32m  OK  [0m] Listening on LXD - unix socket.
[[0;32m  OK  [0m] Reached target Sockets.
[[0;32m  OK  [0m] Reached target Basic System.
         Starting Permit User Sessions...

         Starting LSB: automatic crash report generation...
[   18.539317] cloud-init[670]: |         .   . o.|
[[0;32m  OK  [0m] Started irqbalance daemon.
[[0;32m  OK  [0m] Started Deferred execution scheduler.
[[0;32m  OK  [0m] Started FUSE filesystem for LXC.
         Starting Virtualbox guest utils...
         Starting Login Service...
         Starting LXD - container startup/shutdown...
[   18.547152] cloud-init[670]: |        S.    ooo|
[   18.607666] cloud-init[670]: |   .   *.+o o.ooo|
[   18.609366] cloud-init[670]: |    + Ooo +=o+ =o|
[   18.610894] cloud-init[670]: |     BoE o o+.. @|
[   18.617695] cloud-init[670]: |    . oo*oo  +o++|
[   18.620309] cloud-init[670]: +----[SHA256]-----+
[   18.621774] cloud-init[670]: Generating public/private dsa key pair.
[   18.625584] cloud-init[670]: Your identification has been saved in /etc/ssh/ssh_host_dsa_key.
[   18.627839] cloud-init[670]: Your public key has been saved in /etc/ssh/ssh_host_dsa_key.pub.
[   18.633205] cloud-init[670]: The key fingerprint is:
         Starting Snappy daemon...
[   18.677171] cloud-init[670]: SHA256:ZLEdavli1qlUvIXd99rvxYc9/nwz0eaHl9PONW7/koU root@ubuntu-bionic         Starting Accounts Service...

         Starting System Logging Service...
[   18.697546] cloud-init[670]: The key's randomart image is:
[   18.698963] cloud-init[670]: +---[DSA 1024]----+
[   18.709543] cloud-init[670]: |        . .      |
[   18.724298] cloud-init[670]: |         B + .   |
[   18.725328] cloud-init[670]: |        B = o . .|
[   18.726222] cloud-init[670]: |       + + +   ..|
[   18.727164] cloud-init[670]: |        S =    .o|
[   18.727994] cloud-init[670]: |       + o    EB+|
[   18.728800] cloud-init[670]: |        .     oO@|
[   18.729620] cloud-init[670]: |              *O&|
[   18.764542] cloud-init[670]: |              .B^|
[   18.788451] cloud-init[670]: +----[SHA256]-----+
[   18.789938] cloud-init[670]: Generating public/private ecdsa key pair.
[   18.791959] cloud-init[670]: Your identification has been saved in /etc/ssh/ssh_host_ecdsa_key.
[   18.795244] cloud-init[670]: Your public key has been saved in /etc/ssh/ssh_host_ecdsa_key.pub.
[   18.799416] cloud-init[670]: The key fingerprint is:
[   18.803646] cloud-init[670]: SHA256:fgVGcOwuyMB8bDid5huMybSTyYjak1VEMRZePqd6VFg root@ubuntu-bionic
[   18.810183] cloud-init[670]: The key's randomart image is:
[   18.828779] cloud-init[670]: +---[ECDSA 256]---+
[   18.829895] cloud-init[670]: |     .*oooE      |
[   18.830914] cloud-init[670]: |     o.+ =.      |
[   18.831807] cloud-init[670]: |   o =..+.=      |
[   18.832550] cloud-init[670]: |    B O  *..     |
[   18.833356] cloud-init[670]: | . = ^ .S.  .    |
[   18.855662] cloud-init[670]: |. . @ *+. ..     |
[   18.868713] cloud-init[670]: |.. o ..oo..      |
[   18.885499] cloud-init[670]: |. +   .. .       |
[   18.894674] cloud-init[670]: |   .             |
[   18.901927] cloud-init[670]: +----[SHA256]-----+
[   18.906199] cloud-init[670]: Generating public/private ed25519 key pair.
[   18.928324] cloud-init[670]: Your identification has been saved in /etc/ssh/ssh_host_ed25519_key.
[   18.956389] cloud-init[670]: Your public key has been saved in /etc/ssh/ssh_host_ed25519_key.pub.
[   18.997039] cloud-init[670]: The key fingerprint is:
[   19.002526] cloud-init[670]: SHA256:xURVIM837lboSa/eqLpVzVIzF1eWmgJIUadsja3Wkjw root@ubuntu-bionic
[   19.007693] cloud-init[670]: The key's randomart image is:
         Starting Dispatcher daemon for systemd-networkd...
[   19.037611] cloud-init[670]: +--[ED25519 256]--+
[   19.072245] cloud-init[670]: |      .o+o+ooo..*|
[   19.100436] cloud-init[670]: |       ..+*+   oo|
[[0;32m  OK  [0m] Started Regular background program processing daemon.
[   19.115526] cloud-init[670]: |         =+oo =oo|
[[0;32m  OK  [0m] Started D-Bus System Message Bus.
[   19.118853] cloud-init[670]: |        o.+. = *+|
[   19.143996] cloud-init[670]: |        SE .. * +|
[   19.146018] cloud-init[670]: |        . o  = = |
[   19.153831] cloud-init[670]: |            . = .|
[   19.188242] cloud-init[670]: |           . . + |
[   19.226321] cloud-init[670]: |          oo.o+ .|
[   19.228266] cloud-init[670]: +----[SHA256]-----+
         Starting Pollinate to seed the pseudo random number generator...
         Starting LSB: Record successful boot for GRUB...
[[0;32m  OK  [0m] Started System Logging Service.
[[0;32m  OK  [0m] Started Availability of block devices.
[[0;32m  OK  [0m] Started Permit User Sessions.
[[0;32m  OK  [0m] Started Login Service.
[[0;32m  OK  [0m] Started Unattended Upgrades Shutdown.
         Starting Hold until boot process finishes up...
         Starting Terminate Plymouth Boot Screen...
[[0;32m  OK  [0m] Started Hold until boot process finishes up.
[[0;32m  OK  [0m] Started Terminate Plymouth Boot Screen.
         Starting Authorization Manager...
         Starting Set console scheme...
[[0;32m  OK  [0m] Started Serial Getty on ttyS0.
[[0;32m  OK  [0m] Started LSB: automatic crash report generation.
[[0;32m  OK  [0m] Started Set console scheme.
[[0;32m  OK  [0m] Created slice system-getty.slice.
[[0;32m  OK  [0m] Started Getty on tty1.
[[0;32m  OK  [0m] Reached target Login Prompts.
[[0;32m  OK  [0m] Started Virtualbox guest utils.
[[0;32m  OK  [0m] Started LSB: Record successful boot for GRUB.
[[0;32m  OK  [0m] Started LXD - container startup/shutdown.
[[0;32m  OK  [0m] Started Authorization Manager.
[[0;32m  OK  [0m] Started Accounts Service.
[[0;32m  OK  [0m] Started Dispatcher daemon for systemd-networkd.
[[0;32m  OK  [0m] Started Snappy daemon.
         Starting Wait until snapd is fully seeded...
[[0;32m  OK  [0m] Started Pollinate to seed the pseudo random number generator.
         Starting OpenBSD Secure Shell server...
[[0;32m  OK  [0m] Started OpenBSD Secure Shell server.
[[0;32m  OK  [0m] Created slice User Slice of vagrant.
         Starting User Manager for UID 1000...
[[0;32m  OK  [0m] Started Session 1 of user vagrant.
[[0;32m  OK  [0m] Started User Manager for UID 1000.

Ubuntu 18.04.4 LTS ubuntu-bionic ttyS0

ubuntu-bionic login: [   26.820626] cloud-init[1312]: Cloud-init v. 19.4-33-gbb4131a2-0ubuntu1~18.04.1 running 'modules:config' at Tue, 14 Jul 2020 23:32:20 +0000. Up 25.23 seconds.
ci-info: no authorized SSH keys fingerprints found for user ubuntu.
<14>Jul 14 23:32:22 ec2: 
<14>Jul 14 23:32:22 ec2: #############################################################
<14>Jul 14 23:32:22 ec2: -----BEGIN SSH HOST KEY FINGERPRINTS-----
<14>Jul 14 23:32:22 ec2: 1024 SHA256:ZLEdavli1qlUvIXd99rvxYc9/nwz0eaHl9PONW7/koU root@ubuntu-bionic (DSA)
<14>Jul 14 23:32:22 ec2: 256 SHA256:fgVGcOwuyMB8bDid5huMybSTyYjak1VEMRZePqd6VFg root@ubuntu-bionic (ECDSA)
<14>Jul 14 23:32:22 ec2: 256 SHA256:xURVIM837lboSa/eqLpVzVIzF1eWmgJIUadsja3Wkjw root@ubuntu-bionic (ED25519)
<14>Jul 14 23:32:22 ec2: 2048 SHA256:ajmywdeuLVn9cFcjvfzE7xmfHYO+gT+kKnYZTKod/So root@ubuntu-bionic (RSA)
<14>Jul 14 23:32:22 ec2: -----END SSH HOST KEY FINGERPRINTS-----
<14>Jul 14 23:32:22 ec2: #############################################################
-----BEGIN SSH HOST KEY KEYS-----
ecdsa-sha2-nistp256 AAAAE2VjZHNhLXNoYTItbmlzdHAyNTYAAAAIbmlzdHAyNTYAAABBBNr++4Sx/3XW7eR7RhFnsJwnIx4l9NfGxb/fuSrNi8AFq1sJS9MVLvh1rIpnX6Ow/FjoqWLFXFHYIWgxqIl2B54= root@ubuntu-bionic
ssh-ed25519 AAAAC3NzaC1lZDI1NTE5AAAAIG93dtZdeh4nmNtpRFpKkhSWs/NvZffLLVc6uAYy224N root@ubuntu-bionic
ssh-rsa AAAAB3NzaC1yc2EAAAADAQABAAABAQCbaU8kdHA1TKeeb5Kp0M8KjpjqpXVkHWLTM9ZoRDjvr5zuJphBo8lO8Ha0gak5mV0bfbraynHev6tSdGk/WHgEYzeJdOeYjozIAQu7iYSX0seWbK4NPZu5VtlfF0Ss/u2aKKZFn6f/6xvl335gKB4+k1rDJyzvnCrdecz5/cFbkVROYWEaFdjsqr6RDyr4zOf/rS9Qe7i/0T4FyO6h65TUdwP2/dRMNk+vqQztRFgWZb9n2eNAv77GkeAy7uwTrSbBw5MwjpIGp7m4zIMWPo8/TcrpnSV+j0TXYpymMfZWIsWWwZPQlL8x818uw/nkLvGoFRaK58TO8VdYCifM9+cf root@ubuntu-bionic
-----END SSH HOST KEY KEYS-----
[   27.885959] cloud-init[1439]: Cloud-init v. 19.4-33-gbb4131a2-0ubuntu1~18.04.1 running 'modules:final' at Tue, 14 Jul 2020 23:32:22 +0000. Up 27.45 seconds.
[   27.886271] cloud-init[1439]: ci-info: no authorized SSH keys fingerprints found for user ubuntu.
[   27.886698] cloud-init[1439]: Cloud-init v. 19.4-33-gbb4131a2-0ubuntu1~18.04.1 finished at Tue, 14 Jul 2020 23:32:22 +0000. Datasource DataSourceNoCloud [seed=/dev/sdb][dsmode=net].  Up 27.86 seconds
